========================================
Jacobi 2D Stencil - Baseline with Shared Memory Optimization
========================================
Dataset size: 1024x1024
Time steps: 100
Thread block: 32x8
========================================


=== GPU Time (Baseline - No Shared Memory) ===
0.007983

=== GPU Time (Shared Memory Optimized) ===
0.008688

=== GPU Time (Texture Memory Optimized) ===
0.013533

=== CPU Time ===
0.028558

=== Validation: Baseline GPU vs CPU ===
Non-Matching CPU-GPU Outputs Beyond Error Threshold of 0.05 Percent: 0

=== Validation: Shared Memory GPU vs CPU ===
Non-Matching CPU-GPU Outputs Beyond Error Threshold of 0.05 Percent: 0

=== Validation: Texture Memory GPU vs CPU ===
Non-Matching CPU-GPU Outputs Beyond Error Threshold of 0.05 Percent: 137998

========================================
Execution completed successfully!
========================================
